// Jest Snapshot v1, https://goo.gl/fbAQLP

exports[`createCustomColorsHOC provides the the wrapped component with color values and setter functions as props 1`] = `
<WithCustomColors(Component)>
  <Component>
    <Component
      backgroundColor={
        Object {
          "class": undefined,
          "color": undefined,
        }
      }
      colorUtils={
        Object {
          "getMostReadableColor": [Function],
        }
      }
      setBackgroundColor={[Function]}
    >
      <div />
    </Component>
  </Component>
</WithCustomColors(Component)>
`;
